D:/RTOS STM32/Tam/Core/Src/main.c:81:5:main	16	static
D:/RTOS STM32/Tam/Core/Src/main.c:179:6:SystemClock_Config	72	static
D:/RTOS STM32/Tam/Core/Src/main.c:216:13:MX_USART1_UART_Init	8	static
D:/RTOS STM32/Tam/Core/Src/main.c:249:13:MX_GPIO_Init	40	static
D:/RTOS STM32/Tam/Core/Src/main.c:283:6:vTaskLed	16	static
D:/RTOS STM32/Tam/Core/Src/main.c:290:6:vTaskUart	88	static
D:/RTOS STM32/Tam/Core/Src/main.c:338:6:StartDefaultTask	16	static
D:/RTOS STM32/Tam/Core/Src/main.c:357:6:HAL_TIM_PeriodElapsedCallback	16	static
D:/RTOS STM32/Tam/Core/Src/main.c:375:6:Error_Handler	4	static,ignoring_inline_asm
